// Jest Snapshot v1, https://goo.gl/fbAQLP

exports[`<Login Screen tests /> Tests should render correctly 1`] = `
<div
  className="m-5"
>
  <h1>
    Login
  </h1>
  <hr />
  <button
    className="btn btn-primary"
    onClick={[Function]}
  >
    Login
  </button>
</div>
`;
