// Jest Snapshot v1, https://goo.gl/fbAQLP

exports[`<PrivateRoute /> Tests should show component if is not Authenticated and save in localStorage 1`] = `
<div>
  <div
    className="m-5"
  >
    <h1>
      Login
    </h1>
    <hr />
    <button
      className="btn btn-primary"
      onClick={[Function]}
    >
      Login
    </button>
  </div>
</div>
`;
