// Jest Snapshot v1, https://goo.gl/fbAQLP

exports[`TodoApp Test should render correctly 1`] = `
<div>
  <h1>
    Todo App
    <small>
       ( 
      0
       )
    </small>
  </h1>
  <hr />
  <div
    className="row"
  >
    <div
      className="col-7"
    >
      <ul />
    </div>
    <div
      className="col-5"
    >
      Array [
        <h4>
          Agregar todo
        </h4>,
        <hr />,
        <form
          onSubmit={[Function]}
        >
          <input
            autoComplete="off"
            className="form-control"
            name="description"
            onChange={[Function]}
            placeholder="Aprender..."
            type="text"
            value=""
          />
          <button
            className="btn btn-primary mt-3 btn-block"
            type="submit"
          >
            Agregar
          </button>
        </form>,
      ]
    </div>
  </div>
</div>
`;
