// Jest Snapshot v1, https://goo.gl/fbAQLP

exports[`Tests <HeroScreen /> should render correctly 1`] = `""`;
