// Jest Snapshot v1, https://goo.gl/fbAQLP

exports[`<CounterApp /> tests should render <CounterApp /> Correctly 1`] = `
<div>
  <h1>
    CounterApp
  </h1>
  <h2>
     
    10
     
  </h2>
  <button
    onClick={[Function]}
  >
    ↑1
  </button>
  <button
    onClick={[Function]}
  >
    reset
  </button>
  <button
    onClick={[Function]}
  >
    ↓1
  </button>
</div>
`;

exports[`<CounterApp /> tests should render 100 as value 1`] = `
<div>
  <h1>
    CounterApp
  </h1>
  <h2>
     
    100
     
  </h2>
  <button
    onClick={[Function]}
  >
    ↑1
  </button>
  <button
    onClick={[Function]}
  >
    reset
  </button>
  <button
    onClick={[Function]}
  >
    ↓1
  </button>
</div>
`;
