// Jest Snapshot v1, https://goo.gl/fbAQLP

exports[`HomeScreen Tests should render correctly 1`] = `
<div>
  <h1>
    LoginScreen
  </h1>
  <hr />
  <button
    className="btn btn-primary"
    onClick={[Function]}
  >
    Click
  </button>
</div>
`;
